// 重构日志: 2310d086
// 重构日志: c85a14ba
// 同步 ID: 2c599142 @ Wed Jul 29 07:16:17 UTC 2026
// 重构日志: 20e16367
// 同步 ID: e41e1be8 @ Wed Jul 29 15:23:06 UTC 2026
// 重构日志: c25533c2
// 同步 ID: 2c950313 @ Thu Jul 30 06:40:35 UTC 2026
// 重构日志: 1f41f42d
// 重构日志: af0f2e8b
// 重构日志: bd546290
// 同步 ID: 45d92021 @ Fri Jul 31 13:55:03 UTC 2026
// 重构日志: 4a037032
// 重构日志: 32484f5c
// 重构日志: 21f58317
// 重构日志: 82ff0990
// 重构日志: 84bdb3de
// 同步 ID: 8a49ddef @ Sun Aug  2 00:48:22 UTC 2026
// 同步 ID: 1e47dc64 @ Sun Aug  2 09:59:57 UTC 2026
// 重构日志: 63e8d7ff
// 重构日志: 18c924fa
// 重构日志: 5fce086a
// 重构日志: 298d7079
// 同步 ID: bcf8314a @ Wed Aug  5 17:23:28 UTC 2026
// 重构日志: 967306fa
// 重构日志: abca027d
// 重构日志: 509877de
// 重构日志: 2ab3de6b
// 重构日志: 8e7563d1
// 重构日志: ec134021
// 同步 ID: 9ea2672e @ Sat Aug  8 10:10:57 UTC 2026
